"path": "/",
"headers": {
"content-type": "text/xml",
"authorization": "Basic YWRtaW46cGFzc3dvcmQ=",
"content-length": "719",
"host": "localhost:9080",
"connection": "Keep-Alive",
